// Jest Snapshot v1, https://goo.gl/fbAQLP

exports[`More Details should match the snapshot 1`] = `
<DocumentFragment>
  <div>
     Please wait..
  </div>
</DocumentFragment>
`;
